<html>
<body>
<pre>
<h1>礦ision Build Log</h1>
<h2>Tool Versions:</h2>
IDE-Version: μVision V5.36.0.0
Copyright (C) 2021 ARM Ltd and ARM Germany GmbH. All rights reserved.
License Information: Qian 2814220624@qq.com, WUST, LIC=585FJ-UWDAS-QDPKD-8P8F0-3GT9X-3A7UD
 
Tool Versions:
Toolchain:       MDK-ARM Plus  Version: 5.36.0.0
Toolchain Path:  E:\Keil\ARM\ARMCLANG\Bin
C Compiler:      ArmClang.exe V6.16
Assembler:       Armasm.exe V6.16
Linker/Locator:  ArmLink.exe V6.16
Library Manager: ArmAr.exe V6.16
Hex Converter:   FromElf.exe V6.16
CPU DLL:         SARMCM3.DLL V5.36.0.0
Dialog DLL:      DCM.DLL V1.17.3.0
Target DLL:      STLink\ST-LINKIII-KEIL_SWO.dll V3.0.9.0
Dialog DLL:      TCM.DLL V1.53.0.0
 
<h2>Project:</h2>
C:\Users\28142\Desktop\STM32H750XBH6_ArtPi_QSPI_W25Q64JV\STM32H750XBH6_ArtPi_QSPI_W25Q64JV.uvprojx
Project File Date:  01/16/2022

<h2>Output:</h2>
*** Using Compiler 'V6.16', folder: 'E:\Keil\ARM\ARMCLANG\Bin'
Build target 'stm32h750'
<built-in>(1): warning: In file included from...
./RTE/_stm32h750\Pre_Include_Global.h(14): warning: 'USE_HAL_DRIVER' macro redefined [-Wmacro-redefined]
#define USE_HAL_DRIVER
        ^
<command line>(5): note: previous definition is here
#define USE_HAL_DRIVER 1
        ^
1 warning generated.
compiling stm32h7xx_it.c...
<built-in>(1): warning: In file included from...
./RTE/_stm32h750\Pre_Include_Global.h(14): warning: 'USE_HAL_DRIVER' macro redefined [-Wmacro-redefined]
#define USE_HAL_DRIVER
        ^
<command line>(5): note: previous definition is here
#define USE_HAL_DRIVER 1
        ^
1 warning generated.
compiling stm32h7xx_hal_cortex.c...
<built-in>(1): warning: In file included from...
./RTE/_stm32h750\Pre_Include_Global.h(14): warning: 'USE_HAL_DRIVER' macro redefined [-Wmacro-redefined]
#define USE_HAL_DRIVER
        ^
<command line>(5): note: previous definition is here
#define USE_HAL_DRIVER 1
        ^
1 warning generated.
compiling FlashPrg.c...
<built-in>(1): warning: In file included from...
./RTE/_stm32h750\Pre_Include_Global.h(14): warning: 'USE_HAL_DRIVER' macro redefined [-Wmacro-redefined]
#define USE_HAL_DRIVER
        ^
<command line>(5): note: previous definition is here
#define USE_HAL_DRIVER 1
        ^
1 warning generated.
compiling stm32h7xx_hal_pwr_ex.c...
<built-in>(1): warning: In file included from...
./RTE/_stm32h750\Pre_Include_Global.h(14): warning: 'USE_HAL_DRIVER' macro redefined [-Wmacro-redefined]
#define USE_HAL_DRIVER
        ^
<command line>(5): note: previous definition is here
#define USE_HAL_DRIVER 1
        ^
1 warning generated.
compiling stm32h7xx_hal_gpio.c...
<built-in>(1): warning: In file included from...
./RTE/_stm32h750\Pre_Include_Global.h(14): warning: 'USE_HAL_DRIVER' macro redefined [-Wmacro-redefined]
#define USE_HAL_DRIVER
        ^
<command line>(5): note: previous definition is here
#define USE_HAL_DRIVER 1
        ^
1 warning generated.
compiling stm32h7xx_hal_msp.c...
<built-in>(1): warning: In file included from...
./RTE/_stm32h750\Pre_Include_Global.h(14): warning: 'USE_HAL_DRIVER' macro redefined [-Wmacro-redefined]
#define USE_HAL_DRIVER
        ^
<command line>(5): note: previous definition is here
#define USE_HAL_DRIVER 1
        ^
1 warning generated.
compiling system_stm32h7xx.c...
<built-in>(1): warning: In file included from...
./RTE/_stm32h750\Pre_Include_Global.h(14): warning: 'USE_HAL_DRIVER' macro redefined [-Wmacro-redefined]
#define USE_HAL_DRIVER
        ^
<command line>(5): note: previous definition is here
#define USE_HAL_DRIVER 1
        ^
1 warning generated.
compiling stm32h7xx_hal_mdma.c...
<built-in>(1): warning: In file included from...
./RTE/_stm32h750\Pre_Include_Global.h(14): warning: 'USE_HAL_DRIVER' macro redefined [-Wmacro-redefined]
#define USE_HAL_DRIVER
        ^
<command line>(5): note: previous definition is here
#define USE_HAL_DRIVER 1
        ^
1 warning generated.
compiling quadspi.c...
<built-in>(1): warning: In file included from...
./RTE/_stm32h750\Pre_Include_Global.h(14): warning: 'USE_HAL_DRIVER' macro redefined [-Wmacro-redefined]
#define USE_HAL_DRIVER
        ^
<command line>(5): note: previous definition is here
#define USE_HAL_DRIVER 1
        ^
1 warning generated.
compiling main.c...
<built-in>(1): warning: In file included from...
./RTE/_stm32h750\Pre_Include_Global.h(14): warning: 'USE_HAL_DRIVER' macro redefined [-Wmacro-redefined]
#define USE_HAL_DRIVER
        ^
<command line>(5): note: previous definition is here
#define USE_HAL_DRIVER 1
        ^
1 warning generated.
compiling stm32h7xx_hal_pwr.c...
<built-in>(1): warning: In file included from...
./RTE/_stm32h750\Pre_Include_Global.h(14): warning: 'USE_HAL_DRIVER' macro redefined [-Wmacro-redefined]
#define USE_HAL_DRIVER
        ^
<command line>(5): note: previous definition is here
#define USE_HAL_DRIVER 1
        ^
1 warning generated.
compiling stm32h7xx_hal.c...
<built-in>(1): warning: In file included from...
./RTE/_stm32h750\Pre_Include_Global.h(14): warning: 'USE_HAL_DRIVER' macro redefined [-Wmacro-redefined]
#define USE_HAL_DRIVER
        ^
<command line>(5): note: previous definition is here
#define USE_HAL_DRIVER 1
        ^
1 warning generated.
compiling stm32h7xx_hal_rcc.c...
<built-in>(1): warning: In file included from...
./RTE/_stm32h750\Pre_Include_Global.h(14): warning: 'USE_HAL_DRIVER' macro redefined [-Wmacro-redefined]
#define USE_HAL_DRIVER
        ^
<command line>(5): note: previous definition is here
#define USE_HAL_DRIVER 1
        ^
1 warning generated.
compiling stm32h7xx_hal_qspi.c...
<built-in>(1): warning: In file included from...
./RTE/_stm32h750\Pre_Include_Global.h(14): warning: 'USE_HAL_DRIVER' macro redefined [-Wmacro-redefined]
#define USE_HAL_DRIVER
        ^
<command line>(5): note: previous definition is here
#define USE_HAL_DRIVER 1
        ^
1 warning generated.
compiling stm32h7xx_hal_rcc_ex.c...
linking...
Program Size: Code=21044 RO-data=4376 RW-data=20 ZI-data=88  
After Build - User command #1: cmd.exe /C copy "Objects\STM32H750XBH6_ArtPi_W25Q64JV.axf" ".\STM32H750XBH6_ArtPi_W25Q64JV.FLM"
已复制         1 个文件。
".\Objects\STM32H750XBH6_ArtPi_W25Q64JV.axf" - 0 Error(s), 15 Warning(s).

<h2>Software Packages used:</h2>

Package Vendor: ARM
                http://www.keil.com/pack/ARM.CMSIS.5.8.0.pack
                ARM.CMSIS.5.8.0
                CMSIS (Common Microcontroller Software Interface Standard)
   * Component: CORE Version: 5.5.0

Package Vendor: Keil
                project-path/Keil.FrameworkCubeMX.1.0.0.pack
                Keil.FrameworkCubeMX.1.0.0
                STM32CubeMX generated pack description
   * Component: STM32CubeMX Version: 1.1.0

Package Vendor: Keil
                http://www.keil.com/pack/Keil.STM32H7xx_DFP.2.8.0.pack
                Keil.STM32H7xx_DFP.2.8.0
                STMicroelectronics STM32H7 Series Device Support and Examples
   * Component: STM32Cube Framework Version: 1.1.0
   * Component: Common Version: 1.9.0
   * Component: Cortex Version: 1.9.0
   * Component: GPIO Version: 1.9.0
   * Component: MDMA Version: 1.9.0
   * Component: PWR Version: 1.9.0
   * Component: QSPI Version: 1.9.0
   * Component: RCC Version: 1.9.0
   * Component: Startup Version: 1.9.0

<h2>Collection of Component include folders:</h2>
  .\RTE\Device\STM32H750XBHx
  .\RTE\Device\STM32H750XBHx\STCubeGenerated
  .\RTE\Device\STM32H750XBHx\STCubeGenerated\Inc
  .\RTE\_stm32h750
  E:\Keil\Pack\ARM\CMSIS\5.8.0\CMSIS\Core\Include
  E:\Keil\Pack\Keil\STM32H7xx_DFP\2.8.0\Drivers\CMSIS\Device\ST\STM32H7xx\Include
  E:\Keil\Pack\Keil\STM32H7xx_DFP\2.8.0\Drivers\STM32H7xx_HAL_Driver\Inc

<h2>Collection of Component Files used:</h2>

   * Component: ::Device:STM32Cube Framework:1.1.0 (API)

   * Component: ARM::CMSIS:CORE:5.5.0

   * Component: Keil::Device:STM32Cube Framework:STM32CubeMX:1.1.0
      Source file:   STCubeGenerated\Src\stm32h7xx_hal_msp.c
      Include file:  MX_Device.h
      Include file:  STCubeGenerated\Inc\stm32h7xx_hal_conf.h

   * Component: Keil::Device:STM32Cube HAL:Common:1.9.0
      Include file:  Drivers\STM32H7xx_HAL_Driver\Inc\stm32h7xx_hal.h
      Source file:   Drivers\STM32H7xx_HAL_Driver\Src\stm32h7xx_hal.c

   * Component: Keil::Device:STM32Cube HAL:Cortex:1.9.0
      Source file:   Drivers\STM32H7xx_HAL_Driver\Src\stm32h7xx_hal_cortex.c

   * Component: Keil::Device:STM32Cube HAL:GPIO:1.9.0
      Source file:   Drivers\STM32H7xx_HAL_Driver\Src\stm32h7xx_hal_gpio.c

   * Component: Keil::Device:STM32Cube HAL:MDMA:1.9.0
      Source file:   Drivers\STM32H7xx_HAL_Driver\Src\stm32h7xx_hal_mdma.c

   * Component: Keil::Device:STM32Cube HAL:PWR:1.9.0
      Source file:   Drivers\STM32H7xx_HAL_Driver\Src\stm32h7xx_hal_pwr.c
      Source file:   Drivers\STM32H7xx_HAL_Driver\Src\stm32h7xx_hal_pwr_ex.c

   * Component: Keil::Device:STM32Cube HAL:QSPI:1.9.0
      Source file:   Drivers\STM32H7xx_HAL_Driver\Src\stm32h7xx_hal_qspi.c

   * Component: Keil::Device:STM32Cube HAL:RCC:1.9.0
      Source file:   Drivers\STM32H7xx_HAL_Driver\Src\stm32h7xx_hal_rcc_ex.c
      Source file:   Drivers\STM32H7xx_HAL_Driver\Src\stm32h7xx_hal_rcc.c

   * Component: Keil::Device:Startup:1.9.0
      Source file:   Drivers\CMSIS\Device\ST\STM32H7xx\Source\Templates\arm\startup_stm32h750xx.s
      Include file:  Drivers\CMSIS\Device\ST\STM32H7xx\Include\stm32h7xx.h
      Source file:   Drivers\CMSIS\Device\ST\STM32H7xx\Source\Templates\system_stm32h7xx.c
Build Time Elapsed:  00:00:02
</pre>
</body>
</html>
