Component: ARM Compiler 6.16 Tool: armlink [5dfeaa00]

==============================================================================

Removing Unused exception sections from the image.

    Removing flashprg.o(.ARM.exidx), (64 bytes).
    Removing main.o(.ARM.exidx), (56 bytes).
    Removing stm32h7xx_it.o(.ARM.exidx), (72 bytes).
    Removing system_stm32h7xx.o(.ARM.exidx), (16 bytes).
    Removing quadspi.o(.ARM.exidx), (88 bytes).
    Removing stm32h7xx_hal_msp.o(.ARM.exidx), (24 bytes).
    Removing stm32h7xx_hal.o(.ARM.exidx), (424 bytes).
    Removing stm32h7xx_hal_cortex.o(.ARM.exidx), (176 bytes).
    Removing stm32h7xx_hal_gpio.o(.ARM.exidx), (64 bytes).
    Removing stm32h7xx_hal_mdma.o(.ARM.exidx), (168 bytes).
    Removing stm32h7xx_hal_pwr.o(.ARM.exidx), (152 bytes).
    Removing stm32h7xx_hal_pwr_ex.o(.ARM.exidx), (336 bytes).
    Removing stm32h7xx_hal_qspi.o(.ARM.exidx), (456 bytes).
    Removing stm32h7xx_hal_rcc.o(.ARM.exidx), (160 bytes).
    Removing stm32h7xx_hal_rcc_ex.o(.ARM.exidx), (400 bytes).

15 unused section(s) (total 2656 bytes) removed from the image.

==============================================================================

Image Symbol Table

    Local Symbols

    Symbol Name                              Value     Ov Type        Size  Object(Section)

    ../clib/memcpset.s                       0x00000000   Number         0  rt_memcpy_v6.o ABSOLUTE
    ../clib/memcpset.s                       0x00000000   Number         0  rt_memclr_w.o ABSOLUTE
    ../clib/memcpset.s                       0x00000000   Number         0  rt_memcpy_w.o ABSOLUTE
    FlashDev.c                               0x00000000   Number         0  flashdev.o ABSOLUTE
    FlashPrg.c                               0x00000000   Number         0  flashprg.o ABSOLUTE
    dc.s                                     0x00000000   Number         0  dc.o ABSOLUTE
    main.c                                   0x00000000   Number         0  main.o ABSOLUTE
    quadspi.c                                0x00000000   Number         0  quadspi.o ABSOLUTE
    stm32h7xx_hal.c                          0x00000000   Number         0  stm32h7xx_hal.o ABSOLUTE
    stm32h7xx_hal_cortex.c                   0x00000000   Number         0  stm32h7xx_hal_cortex.o ABSOLUTE
    stm32h7xx_hal_gpio.c                     0x00000000   Number         0  stm32h7xx_hal_gpio.o ABSOLUTE
    stm32h7xx_hal_mdma.c                     0x00000000   Number         0  stm32h7xx_hal_mdma.o ABSOLUTE
    stm32h7xx_hal_msp.c                      0x00000000   Number         0  stm32h7xx_hal_msp.o ABSOLUTE
    stm32h7xx_hal_pwr.c                      0x00000000   Number         0  stm32h7xx_hal_pwr.o ABSOLUTE
    stm32h7xx_hal_pwr_ex.c                   0x00000000   Number         0  stm32h7xx_hal_pwr_ex.o ABSOLUTE
    stm32h7xx_hal_qspi.c                     0x00000000   Number         0  stm32h7xx_hal_qspi.o ABSOLUTE
    stm32h7xx_hal_rcc.c                      0x00000000   Number         0  stm32h7xx_hal_rcc.o ABSOLUTE
    stm32h7xx_hal_rcc_ex.c                   0x00000000   Number         0  stm32h7xx_hal_rcc_ex.o ABSOLUTE
    stm32h7xx_it.c                           0x00000000   Number         0  stm32h7xx_it.o ABSOLUTE
    system_stm32h7xx.c                       0x00000000   Number         0  system_stm32h7xx.o ABSOLUTE
    [Anonymous Symbol]                       0x00000000   Section        0  flashprg.o(.text)
    OUTLINED_FUNCTION_0                      0x000001f5   Thumb Code    10  flashprg.o(.text)
    [Anonymous Symbol]                       0x00000200   Section        0  main.o(.text)
    [Anonymous Symbol]                       0x0000041c   Section        0  stm32h7xx_it.o(.text)
    [Anonymous Symbol]                       0x00000430   Section        0  system_stm32h7xx.o(.text)
    [Anonymous Symbol]                       0x000005bc   Section        0  quadspi.o(.text)
    QSPI_AutoPollingMemReady                 0x0000062d   Thumb Code    68  quadspi.o(.text)
    QSPI_WriteEnable                         0x000006f1   Thumb Code   100  quadspi.o(.text)
    OUTLINED_FUNCTION_0                      0x00000875   Thumb Code     8  quadspi.o(.text)
    OUTLINED_FUNCTION_1                      0x0000087d   Thumb Code     8  quadspi.o(.text)
    OUTLINED_FUNCTION_2                      0x00000885   Thumb Code    10  quadspi.o(.text)
    OUTLINED_FUNCTION_3                      0x0000088f   Thumb Code    10  quadspi.o(.text)
    [Anonymous Symbol]                       0x00000898   Section        0  stm32h7xx_hal_msp.o(.text)
    [Anonymous Symbol]                       0x000009e4   Section        0  stm32h7xx_hal.o(.text)
    OUTLINED_FUNCTION_0                      0x00000e91   Thumb Code    10  stm32h7xx_hal.o(.text)
    OUTLINED_FUNCTION_1                      0x00000e9b   Thumb Code     6  stm32h7xx_hal.o(.text)
    OUTLINED_FUNCTION_2                      0x00000ea1   Thumb Code    10  stm32h7xx_hal.o(.text)
    OUTLINED_FUNCTION_3                      0x00000eab   Thumb Code    10  stm32h7xx_hal.o(.text)
    OUTLINED_FUNCTION_4                      0x00000eb5   Thumb Code    10  stm32h7xx_hal.o(.text)
    [Anonymous Symbol]                       0x00000ec0   Section        0  stm32h7xx_hal_cortex.o(.text)
    __NVIC_SetPriority                       0x00000f19   Thumb Code    28  stm32h7xx_hal_cortex.o(.text)
    __NVIC_SystemReset                       0x00000f81   Thumb Code    28  stm32h7xx_hal_cortex.o(.text)
    OUTLINED_FUNCTION_0                      0x00001137   Thumb Code    18  stm32h7xx_hal_cortex.o(.text)
    [Anonymous Symbol]                       0x00001148   Section        0  stm32h7xx_hal_gpio.o(.text)
    [Anonymous Symbol]                       0x0000142c   Section        0  stm32h7xx_hal_mdma.o(.text)
    MDMA_SetConfig                           0x000019c1   Thumb Code   100  stm32h7xx_hal_mdma.o(.text)
    OUTLINED_FUNCTION_0                      0x00001ddb   Thumb Code     8  stm32h7xx_hal_mdma.o(.text)
    [Anonymous Symbol]                       0x00001de4   Section        0  stm32h7xx_hal_pwr.o(.text)
    OUTLINED_FUNCTION_0                      0x00001fa7   Thumb Code    10  stm32h7xx_hal_pwr.o(.text)
    OUTLINED_FUNCTION_1                      0x00001fb1   Thumb Code    10  stm32h7xx_hal_pwr.o(.text)
    [Anonymous Symbol]                       0x00001fbc   Section        0  stm32h7xx_hal_pwr_ex.o(.text)
    OUTLINED_FUNCTION_0                      0x0000250b   Thumb Code     8  stm32h7xx_hal_pwr_ex.o(.text)
    OUTLINED_FUNCTION_1                      0x00002513   Thumb Code     6  stm32h7xx_hal_pwr_ex.o(.text)
    [Anonymous Symbol]                       0x00002518   Section        0  stm32h7xx_hal_qspi.o(.text)
    QSPI_WaitFlagStateUntilTimeout           0x000025bb   Thumb Code    82  stm32h7xx_hal_qspi.o(.text)
    QSPI_DMAAbortCplt                        0x000027df   Thumb Code    50  stm32h7xx_hal_qspi.o(.text)
    QSPI_Config                              0x0000288d   Thumb Code   400  stm32h7xx_hal_qspi.o(.text)
    QSPI_DMATxCplt                           0x00002d65   Thumb Code     8  stm32h7xx_hal_qspi.o(.text)
    QSPI_DMAError                            0x00002d6d   Thumb Code    30  stm32h7xx_hal_qspi.o(.text)
    QSPI_DMARxCplt                           0x00002e8d   Thumb Code     8  stm32h7xx_hal_qspi.o(.text)
    OUTLINED_FUNCTION_0                      0x00003161   Thumb Code    14  stm32h7xx_hal_qspi.o(.text)
    OUTLINED_FUNCTION_1                      0x0000316f   Thumb Code    26  stm32h7xx_hal_qspi.o(.text)
    OUTLINED_FUNCTION_2                      0x00003189   Thumb Code    24  stm32h7xx_hal_qspi.o(.text)
    OUTLINED_FUNCTION_3                      0x000031a1   Thumb Code     6  stm32h7xx_hal_qspi.o(.text)
    OUTLINED_FUNCTION_4                      0x000031a7   Thumb Code    22  stm32h7xx_hal_qspi.o(.text)
    OUTLINED_FUNCTION_5                      0x000031bd   Thumb Code    18  stm32h7xx_hal_qspi.o(.text)
    OUTLINED_FUNCTION_6                      0x000031cf   Thumb Code    22  stm32h7xx_hal_qspi.o(.text)
    OUTLINED_FUNCTION_7                      0x000031e5   Thumb Code    16  stm32h7xx_hal_qspi.o(.text)
    OUTLINED_FUNCTION_8                      0x000031f5   Thumb Code    10  stm32h7xx_hal_qspi.o(.text)
    OUTLINED_FUNCTION_9                      0x000031ff   Thumb Code     8  stm32h7xx_hal_qspi.o(.text)
    OUTLINED_FUNCTION_10                     0x00003207   Thumb Code    14  stm32h7xx_hal_qspi.o(.text)
    OUTLINED_FUNCTION_11                     0x00003215   Thumb Code    10  stm32h7xx_hal_qspi.o(.text)
    OUTLINED_FUNCTION_12                     0x0000321f   Thumb Code    16  stm32h7xx_hal_qspi.o(.text)
    OUTLINED_FUNCTION_13                     0x0000322f   Thumb Code     8  stm32h7xx_hal_qspi.o(.text)
    OUTLINED_FUNCTION_14                     0x00003237   Thumb Code    12  stm32h7xx_hal_qspi.o(.text)
    OUTLINED_FUNCTION_15                     0x00003243   Thumb Code    14  stm32h7xx_hal_qspi.o(.text)
    OUTLINED_FUNCTION_16                     0x00003251   Thumb Code    14  stm32h7xx_hal_qspi.o(.text)
    OUTLINED_FUNCTION_17                     0x0000325f   Thumb Code     8  stm32h7xx_hal_qspi.o(.text)
    OUTLINED_FUNCTION_18                     0x00003267   Thumb Code    10  stm32h7xx_hal_qspi.o(.text)
    [Anonymous Symbol]                       0x00003270   Section        0  stm32h7xx_hal_rcc.o(.text)
    OUTLINED_FUNCTION_0                      0x00003e3b   Thumb Code     6  stm32h7xx_hal_rcc.o(.text)
    OUTLINED_FUNCTION_1                      0x00003e41   Thumb Code    16  stm32h7xx_hal_rcc.o(.text)
    OUTLINED_FUNCTION_2                      0x00003e51   Thumb Code    16  stm32h7xx_hal_rcc.o(.text)
    OUTLINED_FUNCTION_3                      0x00003e61   Thumb Code     8  stm32h7xx_hal_rcc.o(.text)
    OUTLINED_FUNCTION_4                      0x00003e69   Thumb Code     8  stm32h7xx_hal_rcc.o(.text)
    OUTLINED_FUNCTION_5                      0x00003e71   Thumb Code    10  stm32h7xx_hal_rcc.o(.text)
    [Anonymous Symbol]                       0x00003e7c   Section        0  stm32h7xx_hal_rcc_ex.o(.text)
    RCCEx_PLL2_Config                        0x000045d5   Thumb Code   192  stm32h7xx_hal_rcc_ex.o(.text)
    RCCEx_PLL3_Config                        0x00004699   Thumb Code   192  stm32h7xx_hal_rcc_ex.o(.text)
    OUTLINED_FUNCTION_0                      0x00004f93   Thumb Code    46  stm32h7xx_hal_rcc_ex.o(.text)
    OUTLINED_FUNCTION_1                      0x00004fc1   Thumb Code    16  stm32h7xx_hal_rcc_ex.o(.text)
    OUTLINED_FUNCTION_2                      0x00004fd1   Thumb Code    30  stm32h7xx_hal_rcc_ex.o(.text)
    OUTLINED_FUNCTION_3                      0x00004fef   Thumb Code    30  stm32h7xx_hal_rcc_ex.o(.text)
    OUTLINED_FUNCTION_4                      0x0000500d   Thumb Code    10  stm32h7xx_hal_rcc_ex.o(.text)
    OUTLINED_FUNCTION_5                      0x00005017   Thumb Code    50  stm32h7xx_hal_rcc_ex.o(.text)
    OUTLINED_FUNCTION_6                      0x00005049   Thumb Code    26  stm32h7xx_hal_rcc_ex.o(.text)
    OUTLINED_FUNCTION_7                      0x00005063   Thumb Code     8  stm32h7xx_hal_rcc_ex.o(.text)
    OUTLINED_FUNCTION_8                      0x0000506b   Thumb Code    22  stm32h7xx_hal_rcc_ex.o(.text)
    OUTLINED_FUNCTION_9                      0x00005081   Thumb Code    10  stm32h7xx_hal_rcc_ex.o(.text)
    OUTLINED_FUNCTION_10                     0x0000508b   Thumb Code    10  stm32h7xx_hal_rcc_ex.o(.text)
    OUTLINED_FUNCTION_11                     0x00005095   Thumb Code     8  stm32h7xx_hal_rcc_ex.o(.text)
    OUTLINED_FUNCTION_12                     0x0000509d   Thumb Code    10  stm32h7xx_hal_rcc_ex.o(.text)
    OUTLINED_FUNCTION_13                     0x000050a7   Thumb Code    10  stm32h7xx_hal_rcc_ex.o(.text)
    OUTLINED_FUNCTION_14                     0x000050b1   Thumb Code     8  stm32h7xx_hal_rcc_ex.o(.text)
    OUTLINED_FUNCTION_15                     0x000050b9   Thumb Code    14  stm32h7xx_hal_rcc_ex.o(.text)
    OUTLINED_FUNCTION_16                     0x000050c7   Thumb Code    10  stm32h7xx_hal_rcc_ex.o(.text)
    OUTLINED_FUNCTION_17                     0x000050d1   Thumb Code     8  stm32h7xx_hal_rcc_ex.o(.text)
    OUTLINED_FUNCTION_18                     0x000050d9   Thumb Code     6  stm32h7xx_hal_rcc_ex.o(.text)
    OUTLINED_FUNCTION_19                     0x000050df   Thumb Code    10  stm32h7xx_hal_rcc_ex.o(.text)
    OUTLINED_FUNCTION_20                     0x000050e9   Thumb Code     8  stm32h7xx_hal_rcc_ex.o(.text)
    OUTLINED_FUNCTION_21                     0x000050f1   Thumb Code     8  stm32h7xx_hal_rcc_ex.o(.text)
    .text                                    0x000050f8   Section      138  rt_memcpy_v6.o(.text)
    .text                                    0x00005182   Section       78  rt_memclr_w.o(.text)
    .text                                    0x000051d0   Section      100  rt_memcpy_w.o(.text)
    .L__const.CSP_QSPI_EnableMemoryMappedMode.cmd 0x00005234   Data          56  quadspi.o(.rodata..L__const.CSP_QSPI_EnableMemoryMappedMode.cmd)
    .L__const.QSPI_AutoPollingMemReady.conf  0x0000526c   Data          24  quadspi.o(.rodata..L__const.QSPI_AutoPollingMemReady.conf)
    .L__const.QSPI_WriteEnable.conf          0x00005284   Data          24  quadspi.o(.rodata..L__const.QSPI_WriteEnable.conf)
    .L_MergedGlobals                         0x000052b0   Data           8  system_stm32h7xx.o(.data..L_MergedGlobals)
    [Anonymous Symbol]                       0x000052b0   Section        0  system_stm32h7xx.o(.data..L_MergedGlobals)
    .L_MergedGlobals                         0x000052b8   Data           8  stm32h7xx_hal.o(.data..L_MergedGlobals)
    [Anonymous Symbol]                       0x000052b8   Section        0  stm32h7xx_hal.o(.data..L_MergedGlobals)
    HAL_GetTick.ticks                        0x000052c4   Data           4  main.o(.bss.HAL_GetTick.ticks)
    [Anonymous Symbol]                       0x000052c4   Section        0  main.o(.bss.HAL_GetTick.ticks)

    Global Symbols

    Symbol Name                              Value     Ov Type        Size  Object(Section)

    BuildAttributes$$THM_ISAv4$E$P$D$K$B$S$7EM$VFPv5_D16$PE$PLD8$A:L22UL41UL21$X:L11$S22US41US21$IEEE1$IW$RWPI$~STKCKD$USESV7$~SHL$OSPACE$ROPI$STANDARDLIB$REQ8$PRES8$EABIv2 0x00000000   Number         0  anon$$obj.o ABSOLUTE
    Init                                     0x00000001   Thumb Code    68  flashprg.o(.text)
    UnInit                                   0x0000004d   Thumb Code    56  flashprg.o(.text)
    EraseChip                                0x0000008d   Thumb Code    40  flashprg.o(.text)
    EraseSector                              0x000000b9   Thumb Code    48  flashprg.o(.text)
    ProgramPage                              0x000000f1   Thumb Code    52  flashprg.o(.text)
    Verify                                   0x0000012d   Thumb Code   108  flashprg.o(.text)
    BlankCheck                               0x000001a1   Thumb Code    80  flashprg.o(.text)
    HAL_InitTick                             0x00000201   Thumb Code     4  main.o(.text)
    HAL_GetTick                              0x00000205   Thumb Code    52  main.o(.text)
    HAL_Delay                                0x00000241   Thumb Code    32  main.o(.text)
    SystemClock_Config                       0x00000261   Thumb Code   172  main.o(.text)
    Error_Handler                            0x00000315   Thumb Code     4  main.o(.text)
    MX_QUADSPI_Init                          0x00000319   Thumb Code    56  main.o(.text)
    MX_GPIO_Init                             0x00000359   Thumb Code   188  main.o(.text)
    NMI_Handler                              0x0000041d   Thumb Code     2  stm32h7xx_it.o(.text)
    HardFault_Handler                        0x0000041f   Thumb Code     2  stm32h7xx_it.o(.text)
    MemManage_Handler                        0x00000421   Thumb Code     2  stm32h7xx_it.o(.text)
    BusFault_Handler                         0x00000423   Thumb Code     2  stm32h7xx_it.o(.text)
    UsageFault_Handler                       0x00000425   Thumb Code     2  stm32h7xx_it.o(.text)
    SVC_Handler                              0x00000427   Thumb Code     2  stm32h7xx_it.o(.text)
    DebugMon_Handler                         0x00000429   Thumb Code     2  stm32h7xx_it.o(.text)
    PendSV_Handler                           0x0000042b   Thumb Code     2  stm32h7xx_it.o(.text)
    SysTick_Handler                          0x0000042d   Thumb Code     4  stm32h7xx_it.o(.text)
    SystemInit                               0x00000431   Thumb Code    96  system_stm32h7xx.o(.text)
    SystemCoreClockUpdate                    0x000004a5   Thumb Code   244  system_stm32h7xx.o(.text)
    CSP_QUADSPI_Init                         0x000005bd   Thumb Code   104  quadspi.o(.text)
    CSP_QSPI_EraseSector                     0x00000679   Thumb Code   112  quadspi.o(.text)
    CSP_QSPI_WriteMemory                     0x0000075d   Thumb Code   156  quadspi.o(.text)
    CSP_QSPI_EnableMemoryMappedMode          0x000007fd   Thumb Code    48  quadspi.o(.text)
    CSP_QSPI_Erase_Chip                      0x00000835   Thumb Code    60  quadspi.o(.text)
    HAL_MspInit                              0x00000899   Thumb Code    28  stm32h7xx_hal_msp.o(.text)
    HAL_QSPI_MspInit                         0x000008b9   Thumb Code   224  stm32h7xx_hal_msp.o(.text)
    HAL_QSPI_MspDeInit                       0x000009a9   Thumb Code    48  stm32h7xx_hal_msp.o(.text)
    HAL_Init                                 0x000009e5   Thumb Code    80  stm32h7xx_hal.o(.text)
    HAL_DeInit                               0x00000a99   Thumb Code    72  stm32h7xx_hal.o(.text)
    HAL_MspDeInit                            0x00000afd   Thumb Code     2  stm32h7xx_hal.o(.text)
    HAL_IncTick                              0x00000b01   Thumb Code    20  stm32h7xx_hal.o(.text)
    HAL_GetTickPrio                          0x00000b29   Thumb Code     8  stm32h7xx_hal.o(.text)
    HAL_SetTickFreq                          0x00000b35   Thumb Code    40  stm32h7xx_hal.o(.text)
    HAL_GetTickFreq                          0x00000b61   Thumb Code     8  stm32h7xx_hal.o(.text)
    HAL_SuspendTick                          0x00000b95   Thumb Code     4  stm32h7xx_hal.o(.text)
    HAL_ResumeTick                           0x00000b9d   Thumb Code     4  stm32h7xx_hal.o(.text)
    HAL_GetHalVersion                        0x00000ba5   Thumb Code     6  stm32h7xx_hal.o(.text)
    HAL_GetREVID                             0x00000bad   Thumb Code     8  stm32h7xx_hal.o(.text)
    HAL_GetDEVID                             0x00000bb9   Thumb Code    12  stm32h7xx_hal.o(.text)
    HAL_GetUIDw0                             0x00000bc9   Thumb Code     8  stm32h7xx_hal.o(.text)
    HAL_GetUIDw1                             0x00000bd5   Thumb Code     8  stm32h7xx_hal.o(.text)
    HAL_GetUIDw2                             0x00000be1   Thumb Code     8  stm32h7xx_hal.o(.text)
    HAL_SYSCFG_VREFBUF_VoltageScalingConfig  0x00000bed   Thumb Code    12  stm32h7xx_hal.o(.text)
    HAL_SYSCFG_VREFBUF_HighImpedanceConfig   0x00000bfd   Thumb Code    12  stm32h7xx_hal.o(.text)
    HAL_SYSCFG_VREFBUF_TrimmingConfig        0x00000c0d   Thumb Code    12  stm32h7xx_hal.o(.text)
    HAL_SYSCFG_EnableVREFBUF                 0x00000c1d   Thumb Code    44  stm32h7xx_hal.o(.text)
    HAL_SYSCFG_DisableVREFBUF                0x00000c4d   Thumb Code     4  stm32h7xx_hal.o(.text)
    HAL_SYSCFG_ETHInterfaceSelect            0x00000c55   Thumb Code    12  stm32h7xx_hal.o(.text)
    HAL_SYSCFG_AnalogSwitchConfig            0x00000c65   Thumb Code    16  stm32h7xx_hal.o(.text)
    HAL_SYSCFG_EnableBOOST                   0x00000c79   Thumb Code    12  stm32h7xx_hal.o(.text)
    HAL_SYSCFG_DisableBOOST                  0x00000c89   Thumb Code    12  stm32h7xx_hal.o(.text)
    HAL_SYSCFG_CM7BootAddConfig              0x00000c99   Thumb Code    24  stm32h7xx_hal.o(.text)
    HAL_EnableCompensationCell               0x00000cb5   Thumb Code     4  stm32h7xx_hal.o(.text)
    HAL_DisableCompensationCell              0x00000cbd   Thumb Code     4  stm32h7xx_hal.o(.text)
    HAL_SYSCFG_EnableIOSpeedOptimize         0x00000cc5   Thumb Code    12  stm32h7xx_hal.o(.text)
    HAL_SYSCFG_DisableIOSpeedOptimize        0x00000cd5   Thumb Code    12  stm32h7xx_hal.o(.text)
    HAL_SYSCFG_CompensationCodeSelect        0x00000ce5   Thumb Code    12  stm32h7xx_hal.o(.text)
    HAL_SYSCFG_CompensationCodeConfig        0x00000cf5   Thumb Code    16  stm32h7xx_hal.o(.text)
    HAL_DBGMCU_EnableDBGSleepMode            0x00000d09   Thumb Code     4  stm32h7xx_hal.o(.text)
    HAL_DBGMCU_DisableDBGSleepMode           0x00000d11   Thumb Code     4  stm32h7xx_hal.o(.text)
    HAL_DBGMCU_EnableDBGStopMode             0x00000d19   Thumb Code     4  stm32h7xx_hal.o(.text)
    HAL_DBGMCU_DisableDBGStopMode            0x00000d21   Thumb Code     4  stm32h7xx_hal.o(.text)
    HAL_DBGMCU_EnableDBGStandbyMode          0x00000d29   Thumb Code    12  stm32h7xx_hal.o(.text)
    HAL_DBGMCU_DisableDBGStandbyMode         0x00000d39   Thumb Code    12  stm32h7xx_hal.o(.text)
    HAL_SetFMCMemorySwappingConfig           0x00000d49   Thumb Code    12  stm32h7xx_hal.o(.text)
    HAL_GetFMCMemorySwappingConfig           0x00000d59   Thumb Code    12  stm32h7xx_hal.o(.text)
    HAL_EXTI_EdgeConfig                      0x00000d69   Thumb Code    56  stm32h7xx_hal.o(.text)
    HAL_EXTI_GenerateSWInterrupt             0x00000da5   Thumb Code    24  stm32h7xx_hal.o(.text)
    HAL_EXTI_D1_ClearFlag                    0x00000dc1   Thumb Code    24  stm32h7xx_hal.o(.text)
    HAL_EXTI_D1_EventInputConfig             0x00000ddd   Thumb Code   104  stm32h7xx_hal.o(.text)
    HAL_EXTI_D3_EventInputConfig             0x00000e4d   Thumb Code    64  stm32h7xx_hal.o(.text)
    HAL_NVIC_SetPriorityGrouping             0x00000ec1   Thumb Code    24  stm32h7xx_hal_cortex.o(.text)
    HAL_NVIC_SetPriority                     0x00000ee1   Thumb Code    52  stm32h7xx_hal_cortex.o(.text)
    HAL_NVIC_EnableIRQ                       0x00000f3d   Thumb Code    24  stm32h7xx_hal_cortex.o(.text)
    HAL_NVIC_DisableIRQ                      0x00000f59   Thumb Code    32  stm32h7xx_hal_cortex.o(.text)
    HAL_NVIC_SystemReset                     0x00000f7d   Thumb Code     4  stm32h7xx_hal_cortex.o(.text)
    HAL_SYSTICK_Config                       0x00000fa5   Thumb Code    32  stm32h7xx_hal_cortex.o(.text)
    HAL_MPU_Disable                          0x00000fcd   Thumb Code    20  stm32h7xx_hal_cortex.o(.text)
    HAL_MPU_Enable                           0x00000fe5   Thumb Code    28  stm32h7xx_hal_cortex.o(.text)
    HAL_MPU_ConfigRegion                     0x00001005   Thumb Code    72  stm32h7xx_hal_cortex.o(.text)
    HAL_NVIC_GetPriorityGrouping             0x00001051   Thumb Code    12  stm32h7xx_hal_cortex.o(.text)
    HAL_NVIC_GetPriority                     0x00001061   Thumb Code    76  stm32h7xx_hal_cortex.o(.text)
    HAL_NVIC_SetPendingIRQ                   0x000010b5   Thumb Code    24  stm32h7xx_hal_cortex.o(.text)
    HAL_NVIC_GetPendingIRQ                   0x000010d1   Thumb Code    16  stm32h7xx_hal_cortex.o(.text)
    HAL_NVIC_ClearPendingIRQ                 0x000010e5   Thumb Code    24  stm32h7xx_hal_cortex.o(.text)
    HAL_NVIC_GetActive                       0x00001101   Thumb Code    16  stm32h7xx_hal_cortex.o(.text)
    HAL_SYSTICK_CLKSourceConfig              0x00001115   Thumb Code    20  stm32h7xx_hal_cortex.o(.text)
    HAL_SYSTICK_IRQHandler                   0x0000112d   Thumb Code     4  stm32h7xx_hal_cortex.o(.text)
    HAL_SYSTICK_Callback                     0x00001131   Thumb Code     2  stm32h7xx_hal_cortex.o(.text)
    HAL_GetCurrentCPUID                      0x00001133   Thumb Code     4  stm32h7xx_hal_cortex.o(.text)
    HAL_GPIO_Init                            0x00001149   Thumb Code   380  stm32h7xx_hal_gpio.o(.text)
    HAL_GPIO_DeInit                          0x000012d9   Thumb Code   224  stm32h7xx_hal_gpio.o(.text)
    HAL_GPIO_ReadPin                         0x000013c9   Thumb Code    10  stm32h7xx_hal_gpio.o(.text)
    HAL_GPIO_WritePin                        0x000013d3   Thumb Code    10  stm32h7xx_hal_gpio.o(.text)
    HAL_GPIO_TogglePin                       0x000013dd   Thumb Code    16  stm32h7xx_hal_gpio.o(.text)
    HAL_GPIO_LockPin                         0x000013ed   Thumb Code    40  stm32h7xx_hal_gpio.o(.text)
    HAL_GPIO_EXTI_IRQHandler                 0x00001415   Thumb Code    16  stm32h7xx_hal_gpio.o(.text)
    HAL_GPIO_EXTI_Callback                   0x00001429   Thumb Code     2  stm32h7xx_hal_gpio.o(.text)
    HAL_MDMA_Init                            0x0000142d   Thumb Code   216  stm32h7xx_hal_mdma.o(.text)
    HAL_MDMA_DeInit                          0x00001509   Thumb Code    62  stm32h7xx_hal_mdma.o(.text)
    HAL_MDMA_ConfigPostRequestMask           0x00001547   Thumb Code    72  stm32h7xx_hal_mdma.o(.text)
    HAL_MDMA_RegisterCallback                0x00001591   Thumb Code    78  stm32h7xx_hal_mdma.o(.text)
    HAL_MDMA_UnRegisterCallback              0x000015e1   Thumb Code   106  stm32h7xx_hal_mdma.o(.text)
    HAL_MDMA_LinkedList_CreateNode           0x0000164d   Thumb Code   256  stm32h7xx_hal_mdma.o(.text)
    HAL_MDMA_LinkedList_AddNode              0x00001755   Thumb Code   194  stm32h7xx_hal_mdma.o(.text)
    HAL_MDMA_LinkedList_RemoveNode           0x00001817   Thumb Code   176  stm32h7xx_hal_mdma.o(.text)
    HAL_MDMA_LinkedList_EnableCircularMode   0x000018c7   Thumb Code    74  stm32h7xx_hal_mdma.o(.text)
    HAL_MDMA_LinkedList_DisableCircularMode  0x00001911   Thumb Code    72  stm32h7xx_hal_mdma.o(.text)
    HAL_MDMA_Start                           0x00001959   Thumb Code   104  stm32h7xx_hal_mdma.o(.text)
    HAL_MDMA_Start_IT                        0x00001a29   Thumb Code   146  stm32h7xx_hal_mdma.o(.text)
    HAL_MDMA_Abort                           0x00001abb   Thumb Code   106  stm32h7xx_hal_mdma.o(.text)
    HAL_MDMA_Abort_IT                        0x00001b25   Thumb Code    38  stm32h7xx_hal_mdma.o(.text)
    HAL_MDMA_PollForTransfer                 0x00001b4b   Thumb Code   242  stm32h7xx_hal_mdma.o(.text)
    HAL_MDMA_GenerateSWRequest               0x00001c3d   Thumb Code    50  stm32h7xx_hal_mdma.o(.text)
    HAL_MDMA_IRQHandler                      0x00001c71   Thumb Code   348  stm32h7xx_hal_mdma.o(.text)
    HAL_MDMA_GetState                        0x00001dd1   Thumb Code     6  stm32h7xx_hal_mdma.o(.text)
    HAL_MDMA_GetError                        0x00001dd7   Thumb Code     4  stm32h7xx_hal_mdma.o(.text)
    HAL_PWR_DeInit                           0x00001de5   Thumb Code     2  stm32h7xx_hal_pwr.o(.text)
    HAL_PWR_EnableBkUpAccess                 0x00001de9   Thumb Code    12  stm32h7xx_hal_pwr.o(.text)
    HAL_PWR_DisableBkUpAccess                0x00001df9   Thumb Code    12  stm32h7xx_hal_pwr.o(.text)
    HAL_PWR_ConfigPVD                        0x00001e09   Thumb Code   120  stm32h7xx_hal_pwr.o(.text)
    HAL_PWR_EnablePVD                        0x00001e89   Thumb Code     4  stm32h7xx_hal_pwr.o(.text)
    HAL_PWR_DisablePVD                       0x00001e91   Thumb Code     4  stm32h7xx_hal_pwr.o(.text)
    HAL_PWR_EnableWakeUpPin                  0x00001e99   Thumb Code    16  stm32h7xx_hal_pwr.o(.text)
    HAL_PWR_DisableWakeUpPin                 0x00001eb1   Thumb Code    20  stm32h7xx_hal_pwr.o(.text)
    HAL_PWR_EnterSLEEPMode                   0x00001ec9   Thumb Code    20  stm32h7xx_hal_pwr.o(.text)
    HAL_PWR_EnterSTOPMode                    0x00001ee1   Thumb Code    64  stm32h7xx_hal_pwr.o(.text)
    HAL_PWR_EnterSTANDBYMode                 0x00001f29   Thumb Code    40  stm32h7xx_hal_pwr.o(.text)
    HAL_PWR_EnableSleepOnExit                0x00001f59   Thumb Code    12  stm32h7xx_hal_pwr.o(.text)
    HAL_PWR_DisableSleepOnExit               0x00001f69   Thumb Code    12  stm32h7xx_hal_pwr.o(.text)
    HAL_PWR_EnableSEVOnPend                  0x00001f79   Thumb Code     4  stm32h7xx_hal_pwr.o(.text)
    HAL_PWR_DisableSEVOnPend                 0x00001f81   Thumb Code     4  stm32h7xx_hal_pwr.o(.text)
    HAL_PWR_PVD_IRQHandler                   0x00001f89   Thumb Code    24  stm32h7xx_hal_pwr.o(.text)
    HAL_PWR_PVDCallback                      0x00001fa5   Thumb Code     2  stm32h7xx_hal_pwr.o(.text)
    HAL_PWREx_ConfigSupply                   0x00001fbd   Thumb Code    64  stm32h7xx_hal_pwr_ex.o(.text)
    HAL_PWREx_GetSupplyConfig                0x00002001   Thumb Code    12  stm32h7xx_hal_pwr_ex.o(.text)
    HAL_PWREx_ControlVoltageScaling          0x00002011   Thumb Code   164  stm32h7xx_hal_pwr_ex.o(.text)
    HAL_PWREx_GetVoltageRange                0x000020bd   Thumb Code    12  stm32h7xx_hal_pwr_ex.o(.text)
    HAL_PWREx_ControlStopModeVoltageScaling  0x000020cd   Thumb Code    16  stm32h7xx_hal_pwr_ex.o(.text)
    HAL_PWREx_GetStopModeVoltageRange        0x000020e1   Thumb Code    12  stm32h7xx_hal_pwr_ex.o(.text)
    HAL_PWREx_EnterSTOPMode                  0x000020f1   Thumb Code    76  stm32h7xx_hal_pwr_ex.o(.text)
    HAL_PWREx_ClearPendingEvent              0x00002145   Thumb Code     4  stm32h7xx_hal_pwr_ex.o(.text)
    HAL_PWREx_EnterSTANDBYMode               0x00002149   Thumb Code    52  stm32h7xx_hal_pwr_ex.o(.text)
    HAL_PWREx_ConfigD3Domain                 0x00002185   Thumb Code    16  stm32h7xx_hal_pwr_ex.o(.text)
    HAL_PWREx_EnableFlashPowerDown           0x00002199   Thumb Code    12  stm32h7xx_hal_pwr_ex.o(.text)
    HAL_PWREx_DisableFlashPowerDown          0x000021a9   Thumb Code    12  stm32h7xx_hal_pwr_ex.o(.text)
    HAL_PWREx_EnableWakeUpPin                0x000021b9   Thumb Code   100  stm32h7xx_hal_pwr_ex.o(.text)
    HAL_PWREx_DisableWakeUpPin               0x00002225   Thumb Code    12  stm32h7xx_hal_pwr_ex.o(.text)
    HAL_PWREx_GetWakeupFlag                  0x00002235   Thumb Code     8  stm32h7xx_hal_pwr_ex.o(.text)
    HAL_PWREx_ClearWakeupFlag                0x00002241   Thumb Code    20  stm32h7xx_hal_pwr_ex.o(.text)
    HAL_PWREx_WAKEUP_PIN_IRQHandler          0x00002259   Thumb Code   104  stm32h7xx_hal_pwr_ex.o(.text)
    HAL_PWREx_WKUP1_Callback                 0x000022c5   Thumb Code     2  stm32h7xx_hal_pwr_ex.o(.text)
    HAL_PWREx_WKUP2_Callback                 0x000022c7   Thumb Code     2  stm32h7xx_hal_pwr_ex.o(.text)
    HAL_PWREx_WKUP3_Callback                 0x000022c9   Thumb Code     2  stm32h7xx_hal_pwr_ex.o(.text)
    HAL_PWREx_WKUP4_Callback                 0x000022cb   Thumb Code     2  stm32h7xx_hal_pwr_ex.o(.text)
    HAL_PWREx_WKUP5_Callback                 0x000022cd   Thumb Code     2  stm32h7xx_hal_pwr_ex.o(.text)
    HAL_PWREx_WKUP6_Callback                 0x000022cf   Thumb Code     2  stm32h7xx_hal_pwr_ex.o(.text)
    HAL_PWREx_EnableBkUpReg                  0x000022d1   Thumb Code    40  stm32h7xx_hal_pwr_ex.o(.text)
    HAL_PWREx_DisableBkUpReg                 0x000022fd   Thumb Code    40  stm32h7xx_hal_pwr_ex.o(.text)
    HAL_PWREx_EnableUSBReg                   0x00002329   Thumb Code    40  stm32h7xx_hal_pwr_ex.o(.text)
    HAL_PWREx_DisableUSBReg                  0x00002355   Thumb Code    40  stm32h7xx_hal_pwr_ex.o(.text)
    HAL_PWREx_EnableUSBVoltageDetector       0x00002381   Thumb Code    12  stm32h7xx_hal_pwr_ex.o(.text)
    HAL_PWREx_DisableUSBVoltageDetector      0x00002391   Thumb Code    12  stm32h7xx_hal_pwr_ex.o(.text)
    HAL_PWREx_EnableBatteryCharging          0x000023a1   Thumb Code    24  stm32h7xx_hal_pwr_ex.o(.text)
    HAL_PWREx_DisableBatteryCharging         0x000023bd   Thumb Code    12  stm32h7xx_hal_pwr_ex.o(.text)
    HAL_PWREx_EnableMonitoring               0x000023cd   Thumb Code    12  stm32h7xx_hal_pwr_ex.o(.text)
    HAL_PWREx_DisableMonitoring              0x000023dd   Thumb Code    12  stm32h7xx_hal_pwr_ex.o(.text)
    HAL_PWREx_GetTemperatureLevel            0x000023ed   Thumb Code    28  stm32h7xx_hal_pwr_ex.o(.text)
    HAL_PWREx_GetVBATLevel                   0x0000240d   Thumb Code    28  stm32h7xx_hal_pwr_ex.o(.text)
    HAL_PWREx_ConfigAVD                      0x0000242d   Thumb Code   116  stm32h7xx_hal_pwr_ex.o(.text)
    HAL_PWREx_EnableAVD                      0x000024a9   Thumb Code    12  stm32h7xx_hal_pwr_ex.o(.text)
    HAL_PWREx_DisableAVD                     0x000024b9   Thumb Code    12  stm32h7xx_hal_pwr_ex.o(.text)
    HAL_PWREx_PVD_AVD_IRQHandler             0x000024c9   Thumb Code    56  stm32h7xx_hal_pwr_ex.o(.text)
    HAL_PWREx_AVDCallback                    0x00002509   Thumb Code     2  stm32h7xx_hal_pwr_ex.o(.text)
    HAL_QSPI_Init                            0x00002519   Thumb Code   148  stm32h7xx_hal_qspi.o(.text)
    HAL_QSPI_SetTimeout                      0x000025b7   Thumb Code     4  stm32h7xx_hal_qspi.o(.text)
    HAL_QSPI_DeInit                          0x0000260d   Thumb Code    36  stm32h7xx_hal_qspi.o(.text)
    HAL_QSPI_IRQHandler                      0x00002635   Thumb Code   408  stm32h7xx_hal_qspi.o(.text)
    HAL_QSPI_FifoThresholdCallback           0x000027d1   Thumb Code     2  stm32h7xx_hal_qspi.o(.text)
    HAL_QSPI_TxCpltCallback                  0x000027d3   Thumb Code     2  stm32h7xx_hal_qspi.o(.text)
    HAL_QSPI_RxCpltCallback                  0x000027d5   Thumb Code     2  stm32h7xx_hal_qspi.o(.text)
    HAL_QSPI_CmdCpltCallback                 0x000027d7   Thumb Code     2  stm32h7xx_hal_qspi.o(.text)
    HAL_QSPI_AbortCpltCallback               0x000027d9   Thumb Code     2  stm32h7xx_hal_qspi.o(.text)
    HAL_QSPI_ErrorCallback                   0x000027db   Thumb Code     2  stm32h7xx_hal_qspi.o(.text)
    HAL_QSPI_StatusMatchCallback             0x000027dd   Thumb Code     2  stm32h7xx_hal_qspi.o(.text)
    HAL_QSPI_TimeOutCallback                 0x00002811   Thumb Code     2  stm32h7xx_hal_qspi.o(.text)
    HAL_QSPI_Command                         0x00002813   Thumb Code   122  stm32h7xx_hal_qspi.o(.text)
    HAL_QSPI_Command_IT                      0x00002a1d   Thumb Code   104  stm32h7xx_hal_qspi.o(.text)
    HAL_QSPI_Transmit                        0x00002a85   Thumb Code   146  stm32h7xx_hal_qspi.o(.text)
    HAL_QSPI_Receive                         0x00002b17   Thumb Code   162  stm32h7xx_hal_qspi.o(.text)
    HAL_QSPI_Transmit_IT                     0x00002bb9   Thumb Code    88  stm32h7xx_hal_qspi.o(.text)
    HAL_QSPI_Receive_IT                      0x00002c11   Thumb Code    94  stm32h7xx_hal_qspi.o(.text)
    HAL_QSPI_Transmit_DMA                    0x00002c71   Thumb Code   236  stm32h7xx_hal_qspi.o(.text)
    HAL_QSPI_Receive_DMA                     0x00002d8d   Thumb Code   248  stm32h7xx_hal_qspi.o(.text)
    HAL_QSPI_AutoPolling                     0x00002e95   Thumb Code   132  stm32h7xx_hal_qspi.o(.text)
    HAL_QSPI_AutoPolling_IT                  0x00002f19   Thumb Code   110  stm32h7xx_hal_qspi.o(.text)
    HAL_QSPI_MemoryMapped                    0x00002f87   Thumb Code   114  stm32h7xx_hal_qspi.o(.text)
    HAL_QSPI_GetState                        0x00002ff9   Thumb Code     6  stm32h7xx_hal_qspi.o(.text)
    HAL_QSPI_GetError                        0x00002fff   Thumb Code     4  stm32h7xx_hal_qspi.o(.text)
    HAL_QSPI_Abort                           0x00003003   Thumb Code   130  stm32h7xx_hal_qspi.o(.text)
    HAL_QSPI_Abort_IT                        0x00003085   Thumb Code    84  stm32h7xx_hal_qspi.o(.text)
    HAL_QSPI_SetFifoThreshold                0x000030dd   Thumb Code    64  stm32h7xx_hal_qspi.o(.text)
    HAL_QSPI_GetFifoThreshold                0x0000311d   Thumb Code    12  stm32h7xx_hal_qspi.o(.text)
    HAL_QSPI_SetFlashID                      0x00003129   Thumb Code    56  stm32h7xx_hal_qspi.o(.text)
    HAL_RCC_DeInit                           0x00003271   Thumb Code   376  stm32h7xx_hal_rcc.o(.text)
    HAL_RCC_OscConfig                        0x00003411   Thumb Code  1120  stm32h7xx_hal_rcc.o(.text)
    HAL_RCC_ClockConfig                      0x00003871   Thumb Code   528  stm32h7xx_hal_rcc.o(.text)
    HAL_RCC_GetSysClockFreq                  0x00003a99   Thumb Code   244  stm32h7xx_hal_rcc.o(.text)
    HAL_RCC_MCOConfig                        0x00003b8d   Thumb Code   148  stm32h7xx_hal_rcc.o(.text)
    HAL_RCC_EnableCSS                        0x00003c29   Thumb Code    12  stm32h7xx_hal_rcc.o(.text)
    HAL_RCC_DisableCSS                       0x00003c39   Thumb Code    12  stm32h7xx_hal_rcc.o(.text)
    HAL_RCC_GetHCLKFreq                      0x00003c49   Thumb Code    56  stm32h7xx_hal_rcc.o(.text)
    HAL_RCC_GetPCLK1Freq                     0x00003c91   Thumb Code    20  stm32h7xx_hal_rcc.o(.text)
    HAL_RCC_GetPCLK2Freq                     0x00003cad   Thumb Code    20  stm32h7xx_hal_rcc.o(.text)
    HAL_RCC_GetOscConfig                     0x00003cc9   Thumb Code   252  stm32h7xx_hal_rcc.o(.text)
    HAL_RCC_GetClockConfig                   0x00003dc9   Thumb Code    76  stm32h7xx_hal_rcc.o(.text)
    HAL_RCC_NMI_IRQHandler                   0x00003e1d   Thumb Code    24  stm32h7xx_hal_rcc.o(.text)
    HAL_RCC_CSSCallback                      0x00003e39   Thumb Code     2  stm32h7xx_hal_rcc.o(.text)
    HAL_RCCEx_PeriphCLKConfig                0x00003e7d   Thumb Code  1876  stm32h7xx_hal_rcc_ex.o(.text)
    HAL_RCCEx_GetPeriphCLKConfig             0x0000475d   Thumb Code   400  stm32h7xx_hal_rcc_ex.o(.text)
    HAL_RCCEx_GetPeriphCLKFreq               0x000048f1   Thumb Code   572  stm32h7xx_hal_rcc_ex.o(.text)
    HAL_RCCEx_GetPLL1ClockFreq               0x00004b41   Thumb Code   144  stm32h7xx_hal_rcc_ex.o(.text)
    HAL_RCCEx_GetPLL2ClockFreq               0x00004bd1   Thumb Code   140  stm32h7xx_hal_rcc_ex.o(.text)
    HAL_RCCEx_GetPLL3ClockFreq               0x00004c5d   Thumb Code   140  stm32h7xx_hal_rcc_ex.o(.text)
    HAL_RCCEx_GetD3PCLK1Freq                 0x00004ce9   Thumb Code    16  stm32h7xx_hal_rcc_ex.o(.text)
    HAL_RCCEx_GetD1PCLK1Freq                 0x00004d01   Thumb Code    16  stm32h7xx_hal_rcc_ex.o(.text)
    HAL_RCCEx_GetD1SysClockFreq              0x00004d19   Thumb Code    56  stm32h7xx_hal_rcc_ex.o(.text)
    HAL_RCCEx_EnableLSECSS                   0x00004d61   Thumb Code    12  stm32h7xx_hal_rcc_ex.o(.text)
    HAL_RCCEx_DisableLSECSS                  0x00004d71   Thumb Code    20  stm32h7xx_hal_rcc_ex.o(.text)
    HAL_RCCEx_EnableLSECSS_IT                0x00004d89   Thumb Code    44  stm32h7xx_hal_rcc_ex.o(.text)
    HAL_RCCEx_WakeUpStopCLKConfig            0x00004dbd   Thumb Code    16  stm32h7xx_hal_rcc_ex.o(.text)
    HAL_RCCEx_KerWakeUpStopCLKConfig         0x00004dd1   Thumb Code    16  stm32h7xx_hal_rcc_ex.o(.text)
    HAL_RCCEx_WWDGxSysResetConfig            0x00004de5   Thumb Code    12  stm32h7xx_hal_rcc_ex.o(.text)
    HAL_RCCEx_CRSConfig                      0x00004df5   Thumb Code    96  stm32h7xx_hal_rcc_ex.o(.text)
    HAL_RCCEx_CRSSoftwareSynchronizationGenerate 0x00004e5d   Thumb Code    12  stm32h7xx_hal_rcc_ex.o(.text)
    HAL_RCCEx_CRSGetSynchronizationInfo      0x00004e6d   Thumb Code    32  stm32h7xx_hal_rcc_ex.o(.text)
    HAL_RCCEx_CRSWaitSynchronization         0x00004e91   Thumb Code   136  stm32h7xx_hal_rcc_ex.o(.text)
    HAL_RCCEx_CRS_IRQHandler                 0x00004f1d   Thumb Code    80  stm32h7xx_hal_rcc_ex.o(.text)
    HAL_RCCEx_CRS_SyncOkCallback             0x00004f71   Thumb Code     2  stm32h7xx_hal_rcc_ex.o(.text)
    HAL_RCCEx_CRS_SyncWarnCallback           0x00004f73   Thumb Code     2  stm32h7xx_hal_rcc_ex.o(.text)
    HAL_RCCEx_CRS_ExpectedSyncCallback       0x00004f75   Thumb Code     2  stm32h7xx_hal_rcc_ex.o(.text)
    HAL_RCCEx_CRS_ErrorCallback              0x00004f77   Thumb Code     2  stm32h7xx_hal_rcc_ex.o(.text)
    HAL_RCCEx_LSECSS_IRQHandler              0x00004f79   Thumb Code    20  stm32h7xx_hal_rcc_ex.o(.text)
    HAL_RCCEx_LSECSS_Callback                0x00004f91   Thumb Code     2  stm32h7xx_hal_rcc_ex.o(.text)
    __aeabi_memcpy                           0x000050f9   Thumb Code     0  rt_memcpy_v6.o(.text)
    __rt_memcpy                              0x000050f9   Thumb Code   138  rt_memcpy_v6.o(.text)
    _memcpy_lastbytes                        0x0000515f   Thumb Code     0  rt_memcpy_v6.o(.text)
    __aeabi_memclr4                          0x00005183   Thumb Code     0  rt_memclr_w.o(.text)
    __aeabi_memclr8                          0x00005183   Thumb Code     0  rt_memclr_w.o(.text)
    __rt_memclr_w                            0x00005183   Thumb Code     0  rt_memclr_w.o(.text)
    _memset_w                                0x00005187   Thumb Code    74  rt_memclr_w.o(.text)
    __aeabi_memcpy4                          0x000051d1   Thumb Code     0  rt_memcpy_w.o(.text)
    __aeabi_memcpy8                          0x000051d1   Thumb Code     0  rt_memcpy_w.o(.text)
    __rt_memcpy_w                            0x000051d1   Thumb Code   100  rt_memcpy_w.o(.text)
    _memcpy_lastbytes_aligned                0x00005219   Thumb Code     0  rt_memcpy_w.o(.text)
    D1CorePrescTable                         0x0000529c   Data          16  system_stm32h7xx.o(.rodata.D1CorePrescTable)
    SystemCoreClock                          0x000052b0   Data           4  system_stm32h7xx.o(.data..L_MergedGlobals)
    SystemD2Clock                            0x000052b4   Data           4  system_stm32h7xx.o(.data..L_MergedGlobals)
    uwTickFreq                               0x000052b8   Data           1  stm32h7xx_hal.o(.data..L_MergedGlobals)
    uwTickPrio                               0x000052bc   Data           4  stm32h7xx_hal.o(.data..L_MergedGlobals)
    DevAddr                                  0x000052c0   Data           4  flashprg.o(.bss.DevAddr)
    FlashDevice                              0x000052c0   Data        4256  flashdev.o(.rodata.FlashDevice)
    hqspi                                    0x000052c8   Data          76  main.o(.bss.hqspi)
    uwTick                                   0x00005314   Data           4  stm32h7xx_hal.o(.bss.uwTick)



==============================================================================

Memory Map of the image

  Image entry point : Not specified.

  Load Region PRG (Base: 0x00000000, Size: 0x000052c0, Max: 0xffffffff, PI)

    Execution Region PrgCode (Exec base: 0x00000000, Load base: 0x00000000, Size: 0x000052ac, Max: 0xffffffff, PI)

    Exec Addr    Load Addr    Size         Type   Attr      Idx    E Section Name        Object

    0x00000000   0x00000000   0x000001fe   Code   RO            1    .text               flashprg.o
    0x000001fe   0x000001fe   0x00000002   PAD
    0x00000200   0x00000200   0x0000021c   Code   RO           16    .text               main.o
    0x0000041c   0x0000041c   0x00000014   Code   RO           27    .text               stm32h7xx_it.o
    0x00000430   0x00000430   0x0000018c   Code   RO           34    .text               system_stm32h7xx.o
    0x000005bc   0x000005bc   0x000002dc   Code   RO           44    .text               quadspi.o
    0x00000898   0x00000898   0x0000014c   Code   RO           55    .text               stm32h7xx_hal_msp.o
    0x000009e4   0x000009e4   0x000004da   Code   RO           63    .text               stm32h7xx_hal.o
    0x00000ebe   0x00000ebe   0x00000002   PAD
    0x00000ec0   0x00000ec0   0x00000288   Code   RO           73    .text               stm32h7xx_hal_cortex.o
    0x00001148   0x00001148   0x000002e2   Code   RO           82    .text               stm32h7xx_hal_gpio.o
    0x0000142a   0x0000142a   0x00000002   PAD
    0x0000142c   0x0000142c   0x000009b6   Code   RO           91    .text               stm32h7xx_hal_mdma.o
    0x00001de2   0x00001de2   0x00000002   PAD
    0x00001de4   0x00001de4   0x000001d6   Code   RO          100    .text               stm32h7xx_hal_pwr.o
    0x00001fba   0x00001fba   0x00000002   PAD
    0x00001fbc   0x00001fbc   0x0000055c   Code   RO          108    .text               stm32h7xx_hal_pwr_ex.o
    0x00002518   0x00002518   0x00000d58   Code   RO          116    .text               stm32h7xx_hal_qspi.o
    0x00003270   0x00003270   0x00000c0a   Code   RO          124    .text               stm32h7xx_hal_rcc.o
    0x00003e7a   0x00003e7a   0x00000002   PAD
    0x00003e7c   0x00003e7c   0x0000127c   Code   RO          133    .text               stm32h7xx_hal_rcc_ex.o
    0x000050f8   0x000050f8   0x0000008a   Code   RO          143    .text               c_we.l(rt_memcpy_v6.o)
    0x00005182   0x00005182   0x0000004e   Code   RO          145    .text               c_we.l(rt_memclr_w.o)
    0x000051d0   0x000051d0   0x00000064   Code   RO          147    .text               c_we.l(rt_memcpy_w.o)
    0x00005234   0x00005234   0x00000038   Data   RO           46    .rodata..L__const.CSP_QSPI_EnableMemoryMappedMode.cmd  quadspi.o
    0x0000526c   0x0000526c   0x00000018   Data   RO           47    .rodata..L__const.QSPI_AutoPollingMemReady.conf  quadspi.o
    0x00005284   0x00005284   0x00000018   Data   RO           48    .rodata..L__const.QSPI_WriteEnable.conf  quadspi.o
    0x0000529c   0x0000529c   0x00000010   Data   RO           36    .rodata.D1CorePrescTable  system_stm32h7xx.o


    Execution Region PrgData (Exec base: 0x000052ac, Load base: 0x000052ac, Size: 0x0000006c, Max: 0xffffffff, PI)

    Exec Addr    Load Addr    Size         Type   Attr      Idx    E Section Name        Object

    0x000052ac   0x000052ac   0x00000004   Data   RW          150    PDT$$ptr            anon$$obj.o
    0x000052b0   0x000052b0   0x00000008   Data   RW           37    .data..L_MergedGlobals  system_stm32h7xx.o
    0x000052b8   0x000052b8   0x00000008   Data   RW           66    .data..L_MergedGlobals  stm32h7xx_hal.o
    0x000052c0        -       0x00000004   Zero   RW            3    .bss.DevAddr        flashprg.o
    0x000052c4        -       0x00000004   Zero   RW           18    .bss.HAL_GetTick.ticks  main.o
    0x000052c8        -       0x0000004c   Zero   RW           19    .bss.hqspi          main.o
    0x00005314        -       0x00000004   Zero   RW           65    .bss.uwTick         stm32h7xx_hal.o



  Load Region DSCR (Base: 0x000052c0, Size: 0x000010a0, Max: 0xffffffff, PI)

    Execution Region DevDscr (Exec base: 0x000052c0, Load base: 0x000052c0, Size: 0x000010a0, Max: 0xffffffff, PI)

    Exec Addr    Load Addr    Size         Type   Attr      Idx    E Section Name        Object

    0x000052c0   0x000052c0   0x00000000   Code   RO           10    .text               flashdev.o
    0x000052c0   0x000052c0   0x000010a0   Data   RO           11    .rodata.FlashDevice  flashdev.o


==============================================================================

Image component sizes


      Code (inc. data)   RO Data    RW Data    ZI Data      Debug   Object Name

         0          0       4256          0          0        792   flashdev.o
       510         48          0          0          4       3638   flashprg.o
       540         32          0          0         80       9256   main.o
       732         48        104          0          0       4370   quadspi.o
      1242        228          0          8          4      14224   stm32h7xx_hal.o
       648         88          0          0          0      11786   stm32h7xx_hal_cortex.o
       738         40          0          0          0       6790   stm32h7xx_hal_gpio.o
      2486         34          0          0          0      12375   stm32h7xx_hal_mdma.o
       332         32          0          0          0       8123   stm32h7xx_hal_msp.o
       470         76          0          0          0       5113   stm32h7xx_hal_pwr.o
      1372        152          0          0          0       9984   stm32h7xx_hal_pwr_ex.o
      3416         32          0          0          0      16989   stm32h7xx_hal_qspi.o
      3082        164          0          0          0      11261   stm32h7xx_hal_rcc.o
      4732        330          0          0          0      17271   stm32h7xx_hal_rcc_ex.o
        20          0          0          0          0       1070   stm32h7xx_it.o
       396         56         16          8          0       4749   system_stm32h7xx.o

    ----------------------------------------------------------------------
     20728       1360       4376         20         88     137791   Object Totals
         0          0          0          4          0          0   (incl. Generated)
        12          0          0          0          0          0   (incl. Padding)

    ----------------------------------------------------------------------

      Code (inc. data)   RO Data    RW Data    ZI Data      Debug   Library Member Name

        78          0          0          0          0         76   rt_memclr_w.o
       138          0          0          0          0         64   rt_memcpy_v6.o
       100          0          0          0          0         76   rt_memcpy_w.o

    ----------------------------------------------------------------------
       316          0          0          0          0        216   Library Totals
         0          0          0          0          0          0   (incl. Padding)

    ----------------------------------------------------------------------

      Code (inc. data)   RO Data    RW Data    ZI Data      Debug   Library Name

       316          0          0          0          0        216   c_we.l

    ----------------------------------------------------------------------
       316          0          0          0          0        216   Library Totals

    ----------------------------------------------------------------------

==============================================================================


      Code (inc. data)   RO Data    RW Data    ZI Data      Debug   

     21044       1360       4376         20         88     137631   Grand Totals
     21044       1360       4376         20         88     137631   ELF Image Totals
     21044       1360       4376         20          0          0   ROM Totals

==============================================================================

    Total RO  Size (Code + RO Data)                25420 (  24.82kB)
    Total RW  Size (RW Data + ZI Data)               108 (   0.11kB)
    Total ROM Size (Code + RO Data + RW Data)      25440 (  24.84kB)

==============================================================================

